exports[`<Thing /> should have a name when created 1`] = `
<p>
  light 1: Off
</p>
`;
